// Jest Snapshot v1, https://goo.gl/fbAQLP

exports[`cpp-application-download-error-page should render page 1`] = `
<cpp-application-download-error-page-test>
  <cpp-application-download-error-page>
    <h1
      class="govuk-heading-xl"
      pdk-typography="heading-xlarge"
    >
       Download error 
      <br />
      <span
        class="govuk-heading-l"
        pdk-typography="heading-large"
      >
        There was a problem 
      </span>
    </h1>
    <div>
      <p
        class="govuk-body-s"
        pdk-typography="body-small"
      >
         Please try again in a few minutes. Contact the help desk if this doesn’t work. 
      </p>
    </div>
  </cpp-application-download-error-page>
</cpp-application-download-error-page-test>
`;
